// Jest Snapshot v1, https://goo.gl/fbAQLP

exports[`renders 1`] = `
<DocumentFragment>
  <section
    class="flex flex-col justify-center items-center h-full p-8 phone:p-0"
  >
    <form
      class="w-full h-auto m-auto border border-gray-400 phone:border-0 rounded-md tablet:w-1/2 desktop:w-1/3 phone:w-full phone:p-0"
    >
      <div
        class="mb-4"
      >
        <h1>
          Contact Us
        </h1>
        <p>
          We would love to hear from you!
        </p>
      </div>
      <div
        class="mt-2"
      >
        <label
          class="font-bold uppercase "
          for="name"
        >
          Full Name:
        </label>
        <input
          class="w-full h-auto p-2 text-gray-700 bg-gray-200 border border-gray-400 border-solid rounded-md "
          id="name"
          name="name"
          required=""
          type="text"
          value=""
        />
      </div>
      <div
        class="mt-2"
      >
        <label
          class="font-bold uppercase "
          for="email"
        >
          Email:
        </label>
        <input
          class="w-full h-auto p-2 text-gray-700 bg-gray-200 border border-gray-400 border-solid rounded-md "
          id="email"
          name="email"
          required=""
          type="text"
          value=""
        />
      </div>
      <div
        class="mt-2"
      >
        <label
          class="font-bold uppercase "
          for="message"
        >
          Message:
        </label>
        <textarea
          class="w-full p-2 text-gray-700 bg-gray-200 border border-gray-400 border-solid rounded-md "
          cols="20"
          id=""
          name="message"
          required=""
          rows="10"
        />
      </div>
      <div
        class="flex justify-end w-full"
      >
        <button
          class="w-6/6 h-auto px-4 py-2 mt-3 rounded-md phone:flex-grow tablet:flex-grow-0 bg-hive text-white"
        >
          Submit
        </button>
      </div>
    </form>
  </section>
</DocumentFragment>
`;
